

Wed Sep  5 22:10:39 2018
Command line: TestDisk

TestDisk 7.0, Data Recovery Utility, April 2015
Christophe GRENIER <grenier@cgsecurity.org>
http://www.cgsecurity.org
OS: Linux, kernel 4.9.0-8-amd64 (#1 SMP Debian 4.9.110-3+deb9u4 (2018-08-21)) x86_64
Compiler: GCC 6.2
ext2fs lib: 1.43.4, ntfs lib: libntfs-3g, reiserfs lib: none, ewf lib: none, curses lib: ncurses 6.0
/dev/sda: LBA, LBA48, DCO support
/dev/sda: size       976773168 sectors
/dev/sda: user_max   976773168 sectors
/dev/sda: dco        976773168 sectors
Warning: can't get size for Disk /dev/mapper/control - 0 B - 0 sectors, sector size=512
Hard disk list
Disk /dev/sda - 500 GB / 465 GiB - CHS 60801 255 63, sector size=512 - HGST HTS545050A7E380, S/N:TE8513L90ZNR2P, FW:GG2OACA0

Partition table type (auto): Intel
Disk /dev/sda - 500 GB / 465 GiB - HGST HTS545050A7E380
Partition table type: Intel

Interface Advanced
Geometry from i386 MBR: head=255 sector=63
 1 * Linux                    0  32 33  3647  67  4   58591232
     ext4 blocksize=4096 Large_file Sparse_SB Recover, 29 GB / 27 GiB
 2 E extended              3647  99 35 60801  47 46  918175746
 5 L Linux Swap            3647  99 37  4675 103 36   16515072
     SWAP2 version 1, pagesize=4096, 8455 MB / 8064 MiB
   X extended              4675 103 37 60801  47 46  901660672
 6 L Linux                 4675 136  6 60801  47 46  901658624
     ext4 blocksize=4096 Large_file Sparse_SB Recover, 461 GB / 429 GiB

Interface Advanced
Geometry from i386 MBR: head=255 sector=63
 1 * Linux                    0  32 33  3647  67  4   58591232
     ext4 blocksize=4096 Large_file Sparse_SB Recover, 29 GB / 27 GiB
 2 E extended              3647  99 35 60801  47 46  918175746
 5 L Linux Swap            3647  99 37  4675 103 36   16515072
     SWAP2 version 1, pagesize=4096, 8455 MB / 8064 MiB
   X extended              4675 103 37 60801  47 46  901660672
 6 L Linux                 4675 136  6 60801  47 46  901658624
     ext4 blocksize=4096 Large_file Sparse_SB Recover, 461 GB / 429 GiB


dir_partition inode=2
 1 * Linux                    0  32 33  3647  67  4   58591232
     ext4 blocksize=4096 Large_file Sparse_SB Recover, 29 GB / 27 GiB
Directory /
       2 drwxr-xr-x     0      0      4096 23-Aug-2018 09:35 .
       2 drwxr-xr-x     0      0      4096 23-Aug-2018 09:35 ..
      11 drwx------     0      0     16384 23-May-2018 11:53 lost+found
  261633 drwxr-xr-x     0      0      4096 23-May-2018 11:53 home
  915713 drwxr-xr-x     0      0     12288  5-Sep-2018 15:46 etc
  392449 drwxr-xr-x     0      0      4096 23-May-2018 13:43 media
    9711 lrwxrwxrwx     0      0        26 23-Aug-2018 09:35 vmlinuz.old
 1046529 drwxr-xr-x     0      0      4096 23-May-2018 11:53 var
  654081 drwxr-xr-x     0      0      4096 23-May-2018 11:53 usr
 1308161 drwxr-xr-x     0      0      4096  2-Jun-2018 17:43 lib
 1438977 drwxr-xr-x     0      0      4096 23-May-2018 11:53 lib64
 1177345 drwxr-xr-x     0      0      4096  3-Aug-2018 18:42 bin
  130817 drwxr-xr-x     0      0      4096 23-Aug-2018 09:35 boot
 1569793 drwxr-xr-x     0      0      4096 23-May-2018 11:53 dev
 1569794 drwxr-xr-x     0      0      4096 24-Feb-2018 00:23 proc
  130818 drwx------     0      0      4096 24-Aug-2018 05:35 root
  523268 drwxr-xr-x     0      0      4096 23-May-2018 13:19 run
 1438979 drwxr-xr-x     0      0      4096 23-Aug-2018 09:34 sbin
 1177346 drwxr-xr-x     0      0      4096 24-Feb-2018 00:23 sys
  261634 drwxrwxrwt     0      0    143360  5-Sep-2018 21:17 tmp
  130821 drwxr-xr-x     0      0      4096 23-May-2018 11:53 mnt
 1177417 drwxr-xr-x     0      0      4096 23-May-2018 11:53 srv
  261635 drwxr-xr-x     0      0      4096  5-Sep-2018 15:46 opt
  529017 drwxrwxrwx     0      0      4096  3-Jun-2018 21:28 data
      12 lrwxrwxrwx     0      0        29 23-Aug-2018 09:35 initrd.img.old
      13 lrwxrwxrwx     0      0        26 23-Aug-2018 09:35 vmlinuz
    9712 lrwxrwxrwx     0      0        29 23-Aug-2018 09:35 initrd.img
X   9712 lrwxrwxrwx     0      0        29 23-Aug-2018 09:35 initrd.img.329278

dir_partition inode=261633
 1 * Linux                    0  32 33  3647  67  4   58591232
     ext4 blocksize=4096 Large_file Sparse_SB Recover, 29 GB / 27 GiB
Directory /home
  261633 drwxr-xr-x     0      0      4096 23-May-2018 11:53 .
       2 drwxr-xr-x     0      0      4096 23-Aug-2018 09:35 ..
Directory /
       2 drwxr-xr-x     0      0      4096 23-Aug-2018 09:35 .
       2 drwxr-xr-x     0      0      4096 23-Aug-2018 09:35 ..
      11 drwx------     0      0     16384 23-May-2018 11:53 lost+found
  261633 drwxr-xr-x     0      0      4096 23-May-2018 11:53 home
  915713 drwxr-xr-x     0      0     12288  5-Sep-2018 15:46 etc
  392449 drwxr-xr-x     0      0      4096 23-May-2018 13:43 media
    9711 lrwxrwxrwx     0      0        26 23-Aug-2018 09:35 vmlinuz.old
 1046529 drwxr-xr-x     0      0      4096 23-May-2018 11:53 var
  654081 drwxr-xr-x     0      0      4096 23-May-2018 11:53 usr
 1308161 drwxr-xr-x     0      0      4096  2-Jun-2018 17:43 lib
 1438977 drwxr-xr-x     0      0      4096 23-May-2018 11:53 lib64
 1177345 drwxr-xr-x     0      0      4096  3-Aug-2018 18:42 bin
  130817 drwxr-xr-x     0      0      4096 23-Aug-2018 09:35 boot
 1569793 drwxr-xr-x     0      0      4096 23-May-2018 11:53 dev
 1569794 drwxr-xr-x     0      0      4096 24-Feb-2018 00:23 proc
  130818 drwx------     0      0      4096 24-Aug-2018 05:35 root
  523268 drwxr-xr-x     0      0      4096 23-May-2018 13:19 run
 1438979 drwxr-xr-x     0      0      4096 23-Aug-2018 09:34 sbin
 1177346 drwxr-xr-x     0      0      4096 24-Feb-2018 00:23 sys
  261634 drwxrwxrwt     0      0    143360  5-Sep-2018 21:17 tmp
  130821 drwxr-xr-x     0      0      4096 23-May-2018 11:53 mnt
 1177417 drwxr-xr-x     0      0      4096 23-May-2018 11:53 srv
  261635 drwxr-xr-x     0      0      4096  5-Sep-2018 15:46 opt
  529017 drwxrwxrwx     0      0      4096  3-Jun-2018 21:28 data
      12 lrwxrwxrwx     0      0        29 23-Aug-2018 09:35 initrd.img.old
      13 lrwxrwxrwx     0      0        26 23-Aug-2018 09:35 vmlinuz
    9712 lrwxrwxrwx     0      0        29 23-Aug-2018 09:35 initrd.img
X   9712 lrwxrwxrwx     0      0        29 23-Aug-2018 09:35 initrd.img.329278

dir_partition inode=392449
 1 * Linux                    0  32 33  3647  67  4   58591232
     ext4 blocksize=4096 Large_file Sparse_SB Recover, 29 GB / 27 GiB
Directory /media
  392449 drwxr-xr-x     0      0      4096 23-May-2018 13:43 .
       2 drwxr-xr-x     0      0      4096 23-Aug-2018 09:35 ..
  392450 lrwxrwxrwx     0      0         6 23-May-2018 11:53 cdrom
  392451 drwxr-xr-x     0      0      4096 23-May-2018 11:53 cdrom0
  392452 drwxr-x---     0      0      4096  5-Sep-2018 15:32 variable

dir_partition inode=392452
 1 * Linux                    0  32 33  3647  67  4   58591232
     ext4 blocksize=4096 Large_file Sparse_SB Recover, 29 GB / 27 GiB
Directory /media/variable
  392452 drwxr-x---     0      0      4096  5-Sep-2018 15:32 .
  392449 drwxr-xr-x     0      0      4096 23-May-2018 13:43 ..
X 405743 drwx------  1000   1000      4096  5-Sep-2018 15:32 DEBIAN 9_4_
X 405830 -rw-r--r--     0      0      7882 16-Mar-2018 18:42 DEBIAN 9_4_
Directory /media
  392449 drwxr-xr-x     0      0      4096 23-May-2018 13:43 .
       2 drwxr-xr-x     0      0      4096 23-Aug-2018 09:35 ..
  392450 lrwxrwxrwx     0      0         6 23-May-2018 11:53 cdrom
  392451 drwxr-xr-x     0      0      4096 23-May-2018 11:53 cdrom0
  392452 drwxr-x---     0      0      4096  5-Sep-2018 15:32 variable
Directory /
       2 drwxr-xr-x     0      0      4096 23-Aug-2018 09:35 .
       2 drwxr-xr-x     0      0      4096 23-Aug-2018 09:35 ..
      11 drwx------     0      0     16384 23-May-2018 11:53 lost+found
  261633 drwxr-xr-x     0      0      4096 23-May-2018 11:53 home
  915713 drwxr-xr-x     0      0     12288  5-Sep-2018 15:46 etc
  392449 drwxr-xr-x     0      0      4096 23-May-2018 13:43 media
    9711 lrwxrwxrwx     0      0        26 23-Aug-2018 09:35 vmlinuz.old
 1046529 drwxr-xr-x     0      0      4096 23-May-2018 11:53 var
  654081 drwxr-xr-x     0      0      4096 23-May-2018 11:53 usr
 1308161 drwxr-xr-x     0      0      4096  2-Jun-2018 17:43 lib
 1438977 drwxr-xr-x     0      0      4096 23-May-2018 11:53 lib64
 1177345 drwxr-xr-x     0      0      4096  3-Aug-2018 18:42 bin
  130817 drwxr-xr-x     0      0      4096 23-Aug-2018 09:35 boot
 1569793 drwxr-xr-x     0      0      4096 23-May-2018 11:53 dev
 1569794 drwxr-xr-x     0      0      4096 24-Feb-2018 00:23 proc
  130818 drwx------     0      0      4096 24-Aug-2018 05:35 root
  523268 drwxr-xr-x     0      0      4096 23-May-2018 13:19 run
 1438979 drwxr-xr-x     0      0      4096 23-Aug-2018 09:34 sbin
 1177346 drwxr-xr-x     0      0      4096 24-Feb-2018 00:23 sys
  261634 drwxrwxrwt     0      0    143360  5-Sep-2018 21:17 tmp
  130821 drwxr-xr-x     0      0      4096 23-May-2018 11:53 mnt
 1177417 drwxr-xr-x     0      0      4096 23-May-2018 11:53 srv
  261635 drwxr-xr-x     0      0      4096  5-Sep-2018 15:46 opt
  529017 drwxrwxrwx     0      0      4096  3-Jun-2018 21:28 data
      12 lrwxrwxrwx     0      0        29 23-Aug-2018 09:35 initrd.img.old
      13 lrwxrwxrwx     0      0        26 23-Aug-2018 09:35 vmlinuz
    9712 lrwxrwxrwx     0      0        29 23-Aug-2018 09:35 initrd.img
X   9712 lrwxrwxrwx     0      0        29 23-Aug-2018 09:35 initrd.img.329278

dir_partition inode=130821
 1 * Linux                    0  32 33  3647  67  4   58591232
     ext4 blocksize=4096 Large_file Sparse_SB Recover, 29 GB / 27 GiB
Directory /mnt
  130821 drwxr-xr-x     0      0      4096 23-May-2018 11:53 .
       2 drwxr-xr-x     0      0      4096 23-Aug-2018 09:35 ..
Directory /
       2 drwxr-xr-x     0      0      4096 23-Aug-2018 09:35 .
       2 drwxr-xr-x     0      0      4096 23-Aug-2018 09:35 ..
      11 drwx------     0      0     16384 23-May-2018 11:53 lost+found
  261633 drwxr-xr-x     0      0      4096 23-May-2018 11:53 home
  915713 drwxr-xr-x     0      0     12288  5-Sep-2018 15:46 etc
  392449 drwxr-xr-x     0      0      4096 23-May-2018 13:43 media
    9711 lrwxrwxrwx     0      0        26 23-Aug-2018 09:35 vmlinuz.old
 1046529 drwxr-xr-x     0      0      4096 23-May-2018 11:53 var
  654081 drwxr-xr-x     0      0      4096 23-May-2018 11:53 usr
 1308161 drwxr-xr-x     0      0      4096  2-Jun-2018 17:43 lib
 1438977 drwxr-xr-x     0      0      4096 23-May-2018 11:53 lib64
 1177345 drwxr-xr-x     0      0      4096  3-Aug-2018 18:42 bin
  130817 drwxr-xr-x     0      0      4096 23-Aug-2018 09:35 boot
 1569793 drwxr-xr-x     0      0      4096 23-May-2018 11:53 dev
 1569794 drwxr-xr-x     0      0      4096 24-Feb-2018 00:23 proc
  130818 drwx------     0      0      4096 24-Aug-2018 05:35 root
  523268 drwxr-xr-x     0      0      4096 23-May-2018 13:19 run
 1438979 drwxr-xr-x     0      0      4096 23-Aug-2018 09:34 sbin
 1177346 drwxr-xr-x     0      0      4096 24-Feb-2018 00:23 sys
  261634 drwxrwxrwt     0      0    143360  5-Sep-2018 21:17 tmp
  130821 drwxr-xr-x     0      0      4096 23-May-2018 11:53 mnt
 1177417 drwxr-xr-x     0      0      4096 23-May-2018 11:53 srv
  261635 drwxr-xr-x     0      0      4096  5-Sep-2018 15:46 opt
  529017 drwxrwxrwx     0      0      4096  3-Jun-2018 21:28 data
      12 lrwxrwxrwx     0      0        29 23-Aug-2018 09:35 initrd.img.old
      13 lrwxrwxrwx     0      0        26 23-Aug-2018 09:35 vmlinuz
    9712 lrwxrwxrwx     0      0        29 23-Aug-2018 09:35 initrd.img
X   9712 lrwxrwxrwx     0      0        29 23-Aug-2018 09:35 initrd.img.329278

Analyse Disk /dev/sda - 500 GB / 465 GiB - CHS 60801 255 63
Geometry from i386 MBR: head=255 sector=63
Current partition structure:
 1 * Linux                    0  32 33  3647  67  4   58591232
 2 E extended              3647  99 35 60801  47 46  918175746
 5 L Linux Swap            3647  99 37  4675 103 36   16515072
   X extended              4675 103 37 60801  47 46  901660672
 6 L Linux                 4675 136  6 60801  47 46  901658624

search_part()
Disk /dev/sda - 500 GB / 465 GiB - CHS 60801 255 63

recover_EXT2: s_block_group_nr=0/223, s_mnt_count=182/4294967295, s_blocks_per_group=32768, s_inodes_per_group=8176
recover_EXT2: s_blocksize=4096
recover_EXT2: s_blocks_count 7323904
recover_EXT2: part_size 58591232
     Linux                    0  32 33  3647  67  4   58591232
     ext4 blocksize=4096 Large_file Sparse_SB Recover, 29 GB / 27 GiB
     Linux Swap            3647  99 37  4675 103 20   16515056
     SWAP2 version 1, pagesize=4096, 8455 MB / 8063 MiB

recover_EXT2: s_block_group_nr=0/3439, s_mnt_count=2/4294967295, s_blocks_per_group=32768, s_inodes_per_group=8192
recover_EXT2: s_blocksize=4096
recover_EXT2: s_blocks_count 112707584
recover_EXT2: part_size 901660672
     Linux                 4675 103 37 60801  47 46  901660672
     ext4 blocksize=4096 Large_file Sparse_SB, 461 GB / 429 GiB

Results
   * Linux                    0  32 33  3647  67  4   58591232
     ext4 blocksize=4096 Large_file Sparse_SB Recover, 29 GB / 27 GiB
   P Linux Swap            3647  99 37  4675 103 36   16515072
     SWAP2 version 1, pagesize=4096, 8455 MB / 8064 MiB
   P Linux                 4675 103 37 60801  47 46  901660672
     ext4 blocksize=4096 Large_file Sparse_SB, 461 GB / 429 GiB

Hint for advanced users. dmsetup may be used if you prefer to avoid to rewrite the partition table for the moment:
echo "0 58591232 linear /dev/sda 2048" | dmsetup create test0
echo "0 16515072 linear /dev/sda 58595328" | dmsetup create test1
echo "0 901660672 linear /dev/sda 75110400" | dmsetup create test2

interface_write()
 1 P Linux                    0  32 33  3647  67  4   58591232
 2 P Linux Swap            3647  99 37  4675 103 36   16515072
 3 P Linux                 4675 103 37 60801  47 46  901660672

search_part()
Disk /dev/sda - 500 GB / 465 GiB - CHS 60801 255 63

recover_EXT2: s_block_group_nr=0/223, s_mnt_count=182/4294967295, s_blocks_per_group=32768, s_inodes_per_group=8176
recover_EXT2: s_blocksize=4096
recover_EXT2: s_blocks_count 7323904
recover_EXT2: part_size 58591232
     Linux                    0  32 33  3647  67  4   58591232
     ext4 blocksize=4096 Large_file Sparse_SB Recover, 29 GB / 27 GiB

block_group_nr 1

recover_EXT2: "e2fsck -b 32768 -B 4096 device" may be needed
recover_EXT2: s_block_group_nr=1/223, s_mnt_count=0/4294967295, s_blocks_per_group=32768, s_inodes_per_group=8176
recover_EXT2: s_blocksize=4096
recover_EXT2: s_blocks_count 7323904
recover_EXT2: part_size 58591232
     Linux                    0  32 33  3647  67  4   58591232
     ext4 blocksize=4096 Large_file Sparse_SB Backup_SB, 29 GB / 27 GiB

block_group_nr 3

recover_EXT2: "e2fsck -b 98304 -B 4096 device" may be needed
recover_EXT2: s_block_group_nr=3/223, s_mnt_count=0/4294967295, s_blocks_per_group=32768, s_inodes_per_group=8176
recover_EXT2: s_blocksize=4096
recover_EXT2: s_blocks_count 7323904
recover_EXT2: part_size 58591232
     Linux                    0  32 33  3647  67  4   58591232
     ext4 blocksize=4096 Large_file Sparse_SB Backup_SB, 29 GB / 27 GiB

block_group_nr 5

recover_EXT2: "e2fsck -b 163840 -B 4096 device" may be needed
recover_EXT2: s_block_group_nr=5/223, s_mnt_count=0/4294967295, s_blocks_per_group=32768, s_inodes_per_group=8176
recover_EXT2: s_blocksize=4096
recover_EXT2: s_blocks_count 7323904
recover_EXT2: part_size 58591232
     Linux                    0  32 33  3647  67  4   58591232
     ext4 blocksize=4096 Large_file Sparse_SB Backup_SB, 29 GB / 27 GiB

block_group_nr 7

recover_EXT2: "e2fsck -b 229376 -B 4096 device" may be needed
recover_EXT2: s_block_group_nr=7/223, s_mnt_count=0/4294967295, s_blocks_per_group=32768, s_inodes_per_group=8176
recover_EXT2: s_blocksize=4096
recover_EXT2: s_blocks_count 7323904
recover_EXT2: part_size 58591232
     Linux                    0  32 33  3647  67  4   58591232
     ext4 blocksize=4096 Large_file Sparse_SB Backup_SB, 29 GB / 27 GiB

block_group_nr 9

recover_EXT2: "e2fsck -b 294912 -B 4096 device" may be needed
recover_EXT2: s_block_group_nr=9/223, s_mnt_count=0/4294967295, s_blocks_per_group=32768, s_inodes_per_group=8176
recover_EXT2: s_blocksize=4096
recover_EXT2: s_blocks_count 7323904
recover_EXT2: part_size 58591232
     Linux                    0  32 33  3647  67  4   58591232
     ext4 blocksize=4096 Large_file Sparse_SB Backup_SB, 29 GB / 27 GiB

block_group_nr 25

recover_EXT2: "e2fsck -b 819200 -B 4096 device" may be needed
recover_EXT2: s_block_group_nr=25/223, s_mnt_count=0/4294967295, s_blocks_per_group=32768, s_inodes_per_group=8176
recover_EXT2: s_blocksize=4096
recover_EXT2: s_blocks_count 7323904
recover_EXT2: part_size 58591232
     Linux                    0  32 33  3647  67  4   58591232
     ext4 blocksize=4096 Large_file Sparse_SB Backup_SB, 29 GB / 27 GiB

block_group_nr 27

recover_EXT2: "e2fsck -b 884736 -B 4096 device" may be needed
recover_EXT2: s_block_group_nr=27/223, s_mnt_count=0/4294967295, s_blocks_per_group=32768, s_inodes_per_group=8176
recover_EXT2: s_blocksize=4096
recover_EXT2: s_blocks_count 7323904
recover_EXT2: part_size 58591232
     Linux                    0  32 33  3647  67  4   58591232
     ext4 blocksize=4096 Large_file Sparse_SB Backup_SB, 29 GB / 27 GiB

block_group_nr 49

recover_EXT2: "e2fsck -b 1605632 -B 4096 device" may be needed
recover_EXT2: s_block_group_nr=49/223, s_mnt_count=0/4294967295, s_blocks_per_group=32768, s_inodes_per_group=8176
recover_EXT2: s_blocksize=4096
recover_EXT2: s_blocks_count 7323904
recover_EXT2: part_size 58591232
     Linux                    0  32 33  3647  67  4   58591232
     ext4 blocksize=4096 Large_file Sparse_SB Backup_SB, 29 GB / 27 GiB

block_group_nr 81

recover_EXT2: "e2fsck -b 2654208 -B 4096 device" may be needed
recover_EXT2: s_block_group_nr=81/223, s_mnt_count=0/4294967295, s_blocks_per_group=32768, s_inodes_per_group=8176
recover_EXT2: s_blocksize=4096
recover_EXT2: s_blocks_count 7323904
recover_EXT2: part_size 58591232
     Linux                    0  32 33  3647  67  4   58591232
     ext4 blocksize=4096 Large_file Sparse_SB Backup_SB, 29 GB / 27 GiB

recover_EXT2: s_block_group_nr=0/223, s_mnt_count=182/4294967295, s_blocks_per_group=32768, s_inodes_per_group=8176
recover_EXT2: s_blocksize=4096
recover_EXT2: s_blocks_count 7323904
recover_EXT2: part_size 58591232
     Linux                 1583  18 36  5230  53  7   58591232
     ext4 blocksize=4096 Large_file Sparse_SB Recover, 29 GB / 27 GiB

recover_EXT2: s_block_group_nr=0/223, s_mnt_count=182/4294967295, s_blocks_per_group=32768, s_inodes_per_group=8176
recover_EXT2: s_blocksize=4096
recover_EXT2: s_blocks_count 7323904
recover_EXT2: part_size 58591232
     Linux                 1585  28 44  5232  63 15   58591232
     ext4 blocksize=4096 Large_file Sparse_SB Recover, 29 GB / 27 GiB

recover_EXT2: s_block_group_nr=0/223, s_mnt_count=180/4294967295, s_blocks_per_group=32768, s_inodes_per_group=8176
recover_EXT2: s_blocksize=4096
recover_EXT2: s_blocks_count 7323904
recover_EXT2: part_size 58591232
     Linux                 1588  76 25  5235 110 59   58591232
     ext4 blocksize=4096 Large_file Sparse_SB Recover, 29 GB / 27 GiB

recover_EXT2: s_block_group_nr=0/223, s_mnt_count=180/4294967295, s_blocks_per_group=32768, s_inodes_per_group=8176
recover_EXT2: s_blocksize=4096
recover_EXT2: s_blocks_count 7323904
recover_EXT2: part_size 58591232
     Linux                 1591  26 36  5238  61  7   58591232
     ext4 blocksize=4096 Large_file Sparse_SB Recover, 29 GB / 27 GiB

recover_EXT2: s_block_group_nr=0/223, s_mnt_count=180/4294967295, s_blocks_per_group=32768, s_inodes_per_group=8176
recover_EXT2: s_blocksize=4096
recover_EXT2: s_blocks_count 7323904
recover_EXT2: part_size 58591232
     Linux                 1592   0  1  5239  34 35   58591232
     ext4 blocksize=4096 Large_file Sparse_SB Recover, 29 GB / 27 GiB

recover_EXT2: s_block_group_nr=0/223, s_mnt_count=180/4294967295, s_blocks_per_group=32768, s_inodes_per_group=8176
recover_EXT2: s_blocksize=4096
recover_EXT2: s_blocks_count 7323904
recover_EXT2: part_size 58591232
     Linux                 1592 226 43  5240   6 14   58591232
     ext4 blocksize=4096 Large_file Sparse_SB Recover, 29 GB / 27 GiB

recover_EXT2: s_block_group_nr=0/223, s_mnt_count=180/4294967295, s_blocks_per_group=32768, s_inodes_per_group=8176
recover_EXT2: s_blocksize=4096
recover_EXT2: s_blocks_count 7323904
recover_EXT2: part_size 58591232
     Linux                 1593   4 12  5240  38 46   58591232
     ext4 blocksize=4096 Large_file Sparse_SB Recover, 29 GB / 27 GiB

recover_EXT2: s_block_group_nr=0/223, s_mnt_count=180/4294967295, s_blocks_per_group=32768, s_inodes_per_group=8176
recover_EXT2: s_blocksize=4096
recover_EXT2: s_blocks_count 7323904
recover_EXT2: part_size 58591232
     Linux                 1598  29 32  5245  64  3   58591232
     ext4 blocksize=4096 Large_file Sparse_SB Recover, 29 GB / 27 GiB

block_group_nr 125

recover_EXT2: "e2fsck -b 4096000 -B 4096 device" may be needed
recover_EXT2: s_block_group_nr=125/223, s_mnt_count=0/4294967295, s_blocks_per_group=32768, s_inodes_per_group=8176
recover_EXT2: s_blocksize=4096
recover_EXT2: s_blocks_count 7323904
recover_EXT2: part_size 58591232
     Linux                    0  32 33  3647  67  4   58591232
     ext4 blocksize=4096 Large_file Sparse_SB Backup_SB, 29 GB / 27 GiB
     Linux Swap            3647  99 37  4675 103 20   16515056
     SWAP2 version 1, pagesize=4096, 8455 MB / 8063 MiB

recover_EXT2: s_block_group_nr=0/3439, s_mnt_count=2/4294967295, s_blocks_per_group=32768, s_inodes_per_group=8192
recover_EXT2: s_blocksize=4096
recover_EXT2: s_blocks_count 112707584
recover_EXT2: part_size 901660672
     Linux                 4675 103 37 60801  47 46  901660672
     ext4 blocksize=4096 Large_file Sparse_SB, 461 GB / 429 GiB

recover_EXT2: s_block_group_nr=0/3439, s_mnt_count=112/4294967295, s_blocks_per_group=32768, s_inodes_per_group=8192
recover_EXT2: s_blocksize=4096
recover_EXT2: s_blocks_count 112707328
recover_EXT2: part_size 901658624
     Linux                 4675 136  6 60801  47 46  901658624
     ext4 blocksize=4096 Large_file Sparse_SB Recover, 461 GB / 429 GiB
Search for partition aborted
get_geometry_from_list_part_aux head=255 nbr=1
get_geometry_from_list_part_aux head=8 nbr=1
get_geometry_from_list_part_aux head=255 nbr=1

Results
     Linux                    0  32 33  3647  67  4   58591232
     ext4 blocksize=4096 Large_file Sparse_SB Recover, 29 GB / 27 GiB
     Linux                 1583  18 36  5230  53  7   58591232
     ext4 blocksize=4096 Large_file Sparse_SB Recover, 29 GB / 27 GiB
     Linux                 1585  28 44  5232  63 15   58591232
     ext4 blocksize=4096 Large_file Sparse_SB Recover, 29 GB / 27 GiB
     Linux                 1588  76 25  5235 110 59   58591232
     ext4 blocksize=4096 Large_file Sparse_SB Recover, 29 GB / 27 GiB
     Linux                 1591  26 36  5238  61  7   58591232
     ext4 blocksize=4096 Large_file Sparse_SB Recover, 29 GB / 27 GiB
     Linux                 1592   0  1  5239 254 63   58605120
     ext4 blocksize=4096 Large_file Sparse_SB Recover, 30 GB / 27 GiB
     Linux                 1592 226 43  5240   6 14   58591232
     ext4 blocksize=4096 Large_file Sparse_SB Recover, 29 GB / 27 GiB
     Linux                 1593   4 12  5240  38 46   58591232
     ext4 blocksize=4096 Large_file Sparse_SB Recover, 29 GB / 27 GiB
     Linux                 1598  29 32  5245  64  3   58591232
     ext4 blocksize=4096 Large_file Sparse_SB Recover, 29 GB / 27 GiB
     Linux Swap            3647  99 37  4675 103 36   16515072
     SWAP2 version 1, pagesize=4096, 8455 MB / 8064 MiB
     Linux                 4675 103 37 60801  47 46  901660672
     ext4 blocksize=4096 Large_file Sparse_SB, 461 GB / 429 GiB
     Linux                 4675 136  6 60801  47 46  901658624
     ext4 blocksize=4096 Large_file Sparse_SB Recover, 461 GB / 429 GiB

Hint for advanced users. dmsetup may be used if you prefer to avoid to rewrite the partition table for the moment:
echo "0 58591232 linear /dev/sda 2048" | dmsetup create test0
echo "0 58591232 linear /dev/sda 25432064" | dmsetup create test1
echo "0 58591232 linear /dev/sda 25464832" | dmsetup create test2
echo "0 58591232 linear /dev/sda 25516032" | dmsetup create test3
echo "0 58591232 linear /dev/sda 25561088" | dmsetup create test4
echo "0 58605120 linear /dev/sda 25575480" | dmsetup create test5
echo "0 58591232 linear /dev/sda 25589760" | dmsetup create test6
echo "0 58591232 linear /dev/sda 25591808" | dmsetup create test7
echo "0 58591232 linear /dev/sda 25673728" | dmsetup create test8
echo "0 16515072 linear /dev/sda 58595328" | dmsetup create test9
echo "0 901660672 linear /dev/sda 75110400" | dmsetup create test10
echo "0 901658624 linear /dev/sda 75112448" | dmsetup create test11

interface_write()
 
No partition found or selected for recovery
simulate write!

write_mbr_i386: starting...
write_all_log_i386: starting...
No extended partition

Interface Advanced
Geometry from i386 MBR: head=255 sector=63
 1 * Linux                    0  32 33  3647  67  4   58591232
     ext4 blocksize=4096 Large_file Sparse_SB Recover, 29 GB / 27 GiB
 2 E extended              3647  99 35 60801  47 46  918175746
 5 L Linux Swap            3647  99 37  4675 103 36   16515072
     SWAP2 version 1, pagesize=4096, 8455 MB / 8064 MiB
   X extended              4675 103 37 60801  47 46  901660672
 6 L Linux                 4675 136  6 60801  47 46  901658624
     ext4 blocksize=4096 Large_file Sparse_SB Recover, 461 GB / 429 GiB
SIGHUP detected! TestDisk has been killed.
